The NODE_ENV environment variable is required but was not specified. Ensure the project is bundled with Expo CLI or NODE_ENV is set.
Proceeding without mode-specific .env
android\app\build\generated\assets\createBundleReleaseJsAndAssets\index.android.bundle:3899:16: warning: the variable "SharedArrayBuffer" was not declared in function "from"
    if (typeof SharedArrayBuffer !== 'undefined' && (isInstance(value, Shared...
               ^~~~~~~~~~~~~~~~~
android\app\build\generated\assets\createBundleReleaseJsAndAssets\index.android.bundle:7787:23: warning: the variable "DebuggerInternal" was not declared in function "__shouldPauseOnThrow"
        return typeof DebuggerInternal !== 'undefined' && DebuggerInternal.sh...
                      ^~~~~~~~~~~~~~~~
android\app\build\generated\assets\createBundleReleaseJsAndAssets\index.android.bundle:18142:7: warning: the variable "setTimeout" was not declared in function "logCapturedError"
      setTimeout(function () {
      ^~~~~~~~~~
android\app\build\generated\assets\createBundleReleaseJsAndAssets\index.android.bundle:16376:31: warning: the variable "nativeFabricUIManager" was not declared in anonymous function " 392#"
  var _nativeFabricUIManage = nativeFabricUIManager,
                              ^~~~~~~~~~~~~~~~~~~~~
android\app\build\generated\assets\createBundleReleaseJsAndAssets\index.android.bundle:16404:21: warning: the variable "clearTimeout" was not declared in anonymous function " 392#"
    cancelTimeout = clearTimeout;
                    ^~~~~~~~~~~~
android\app\build\generated\assets\createBundleReleaseJsAndAssets\index.android.bundle:16417:51: warning: the variable "RN$enableMicrotasksInReact" was not declared in anonymous function " 392#"
... "undefined" !== typeof RN$enableMicrotasksInReact && !!RN$enableMicrotask...
                           ^~~~~~~~~~~~~~~~~~~~~~~~~~
android\app\build\generated\assets\createBundleReleaseJsAndAssets\index.android.bundle:16418:47: warning: the variable "queueMicrotask" was not declared in anonymous function " 392#"
...otask = "function" === typeof queueMicrotask ? queueMicrotask : scheduleTi...
                                 ^~~~~~~~~~~~~~
android\app\build\generated\assets\createBundleReleaseJsAndAssets\index.android.bundle:20839:30: warning: the variable "__REACT_DEVTOOLS_GLOBAL_HOOK__" was not declared in anonymous function " 392#"
  if ("undefined" !== typeof __REACT_DEVTOOLS_GLOBAL_HOOK__) {
                             ^~~~~~~~~~~~~~~~~~~~~~~~~~~~~~
android\app\build\generated\assets\createBundleReleaseJsAndAssets\index.android.bundle:22273:5: warning: the variable "setImmediate" was not declared in function "handleResolved"
    setImmediate(function () {
    ^~~~~~~~~~~~
android\app\build\generated\assets\createBundleReleaseJsAndAssets\index.android.bundle:25539:5: warning: the variable "fetch" was not declared in anonymous function " 615#"
    fetch,
    ^~~~~
android\app\build\generated\assets\createBundleReleaseJsAndAssets\index.android.bundle:25540:5: warning: the variable "Headers" was not declared in anonymous function " 615#"
    Headers,
    ^~~~~~~
android\app\build\generated\assets\createBundleReleaseJsAndAssets\index.android.bundle:25541:5: warning: the variable "Request" was not declared in anonymous function " 615#"
    Request,
    ^~~~~~~
android\app\build\generated\assets\createBundleReleaseJsAndAssets\index.android.bundle:25542:5: warning: the variable "Response" was not declared in anonymous function " 615#"
    Response
    ^~~~~~~~
android\app\build\generated\assets\createBundleReleaseJsAndAssets\index.android.bundle:25699:24: warning: the variable "FileReader" was not declared in function "readBlobAsArrayBuffer"
      var reader = new FileReader();
                       ^~~~~~~~~~
android\app\build\generated\assets\createBundleReleaseJsAndAssets\index.android.bundle:25754:44: warning: the variable "URLSearchParams" was not declared in anonymous function " 626#"
...e if (support.searchParams && URLSearchParams.prototype.isPrototypeOf(body...
                                 ^~~~~~~~~~~~~~~
android\app\build\generated\assets\createBundleReleaseJsAndAssets\index.android.bundle:25873:26: warning: the variable "AbortController" was not declared in anonymous function " 632#"
          var ctrl = new AbortController();
                         ^~~~~~~~~~~~~~~
android\app\build\generated\assets\createBundleReleaseJsAndAssets\index.android.bundle:26007:23: warning: the variable "XMLHttpRequest" was not declared in anonymous function " 636#"
        var xhr = new XMLHttpRequest();
                      ^~~~~~~~~~~~~~
android\app\build\generated\assets\createBundleReleaseJsAndAssets\index.android.bundle:25552:71: warning: the variable "self" was not declared in anonymous function " 618#"
...undefined' && globalThis || typeof self !== 'undefined' && self ||
                                      ^~~~
android\app\build\generated\assets\createBundleReleaseJsAndAssets\index.android.bundle:28394:26: warning: the variable "navigator" was not declared in anonymous function " 795#"
  "undefined" !== typeof navigator && undefined !== navigator.scheduling && u...
                         ^~~~~~~~~
android\app\build\generated\assets\createBundleReleaseJsAndAssets\index.android.bundle:28504:37: warning: the variable "MessageChannel" was not declared in anonymous function " 795#"
  };else if ("undefined" !== typeof MessageChannel) {
                                    ^~~~~~~~~~~~~~
android\app\build\generated\assets\createBundleReleaseJsAndAssets\index.android.bundle:28519:34: warning: the variable "nativeRuntimeScheduler" was not declared in anonymous function " 795#"
... = "undefined" !== typeof nativeRuntimeScheduler ? nativeRuntimeScheduler....
                             ^~~~~~~~~~~~~~~~~~~~~~
android\app\build\generated\assets\createBundleReleaseJsAndAssets\index.android.bundle:38368:34: warning: the variable "requestAnimationFrame" was not declared in function "start 9#"
...    this._animationFrame = requestAnimationFrame(this.onUpdate.bind(this));
                              ^~~~~~~~~~~~~~~~~~~~~
android\app\build\generated\assets\createBundleReleaseJsAndAssets\index.android.bundle:61776:13: warning: the variable "clearInterval" was not declared in anonymous arrow function " 1872#"
            clearInterval(this._workerHeartbeatTimer);
            ^~~~~~~~~~~~~
android\app\build\generated\assets\createBundleReleaseJsAndAssets\index.android.bundle:62211:30: warning: the variable "Worker" was not declared in function "_startWorkerHeartbeat"
        this.workerRef = new Worker(objectUrl);
                             ^~~~~~
android\app\build\generated\assets\createBundleReleaseJsAndAssets\index.android.bundle:62359:20: warning: the variable "WebSocket" was not declared in function "detectEnvironment"
        if (typeof WebSocket !== 'undefined') {
                   ^~~~~~~~~
android\app\build\generated\assets\createBundleReleaseJsAndAssets\index.android.bundle:62586:27: warning: the variable "TextEncoder" was not declared in function "_encodeJsonUserBroadcastPush"
        var encoder = new TextEncoder();
                          ^~~~~~~~~~~
android\app\build\generated\assets\createBundleReleaseJsAndAssets\index.android.bundle:62668:27: warning: the variable "TextDecoder" was not declared in function "_binaryDecode"
        var decoder = new TextDecoder();
                          ^~~~~~~~~~~
android\app\build\generated\assets\createBundleReleaseJsAndAssets\index.android.bundle:64822:12: warning: the variable "btoa" was not declared in arrow function "arrayBufferToBase64"
    return btoa(binary);
           ^~~~
android\app\build\generated\assets\createBundleReleaseJsAndAssets\index.android.bundle:64828:26: warning: the variable "atob" was not declared in function "LongPoll 1#"
        this.authToken = atob(protocols[1].slice(AUTH_TOKEN_PREFIX.length));
                         ^~~~
android\app\build\generated\assets\createBundleReleaseJsAndAssets\index.android.bundle:64986:20: warning: the variable "CloseEvent" was not declared in function "close 3#"
        if (typeof CloseEvent !== "undefined") {
                   ^~~~~~~~~~
android\app\build\generated\assets\createBundleReleaseJsAndAssets\index.android.bundle:65566:16: warning: the variable "location" was not declared in function "protocol"
        return location.protocol.match(/^https/) ? "wss" : "ws";
               ^~~~~~~~
android\app\build\generated\assets\createBundleReleaseJsAndAssets\index.android.bundle:67596:27: warning: the variable "ReadableStream" was not declared in function "?anon_0_ 55#"
              if ((typeof ReadableStream !== "undefined" && body instanceof R...
                          ^~~~~~~~~~~~~~
android\app\build\generated\assets\createBundleReleaseJsAndAssets\index.android.bundle:68749:20: warning: the variable "Buffer" was not declared in function "toBase64"
        if (typeof Buffer !== "undefined") return Buffer.from(data).toString(...
                   ^~~~~~
android\app\build\generated\assets\createBundleReleaseJsAndAssets\index.android.bundle:73694:16: warning: the variable "crypto" was not declared in function "generatePKCEVerifier"
    if (typeof crypto === 'undefined') {
               ^~~~~~
android\app\build\generated\assets\createBundleReleaseJsAndAssets\index.android.bundle:79830:24: warning: the variable "setInterval" was not declared in function "?anon_0_ 284#"
          var ticker = setInterval(() => this._autoRefreshTokenTick(), consta...
                       ^~~~~~~~~~~
android\app\build\generated\assets\createBundleReleaseJsAndAssets\index.android.bundle:82195:7: warning: the variable "__magic__" was not declared in function "polyfillGlobalThis"
      __magic__.globalThis = __magic__;
      ^~~~~~~~~
android\app\build\generated\assets\createBundleReleaseJsAndAssets\index.android.bundle:82398:16: warning: the variable "PublicKeyCredential" was not declared in function "deserializeCredentialCreationOptions"
    if (typeof PublicKeyCredential !== 'undefined' && 'parseCreationOptionsFr...
               ^~~~~~~~~~~~~~~~~~~
android\app\build\generated\assets\createBundleReleaseJsAndAssets\index.android.bundle:83267:37: warning: the variable "AbortSignal" was not declared in function "identifyRegistrationError"
      if (options.signal instanceof AbortSignal) {
                                    ^~~~~~~~~~~
C:\Users\Yoni and Moriah\Desktop\notekeeper\node_modules\@react-native-async-storage\async-storage\android\src\main\java\com\reactnativecommunity\asyncstorage\AsyncStorageModule.java:84: warning: [removal] onCatalystInstanceDestroy() in NativeModule has been deprecated and marked for removal
  public void onCatalystInstanceDestroy() {
              ^
Note: Some input files use or override a deprecated API.
Note: Recompile with -Xlint:deprecation for details.
Note: C:\Users\Yoni and Moriah\Desktop\notekeeper\node_modules\@react-native-async-storage\async-storage\android\src\javaPackage\java\com\reactnativecommunity\asyncstorage\AsyncStoragePackage.java uses unchecked or unsafe operations.
Note: Recompile with -Xlint:unchecked for details.
1 warning
Note: C:\Users\Yoni and Moriah\Desktop\notekeeper\node_modules\react-native-gesture-handler\android\paper\src\main\java\com\swmansion\gesturehandler\NativeRNGestureHandlerModuleSpec.java uses or overrides a deprecated API.
Note: Recompile with -Xlint:deprecation for details.
Note: Some input files use or override a deprecated API.
Note: Recompile with -Xlint:deprecation for details.
Note: C:\Users\Yoni and Moriah\Desktop\notekeeper\node_modules\expo-notifications\android\src\main\java\expo\modules\notifications\notifications\model\NotificationCategory.java uses unchecked or unsafe operations.
Note: Recompile with -Xlint:unchecked for details.
